<html>
<body>
<pre>
<h1>µVision Build Log</h1>
<h2>Project:</h2>
C:\Users\roman\AdvEmbedded\Mini-Project-0\MiniProject0.uvproj
Project File Date:  09/05/2021

<h2>Output:</h2>
Build target 'Target 1'
linking...
Program Size: Code=1212 RO-data=32 RW-data=4 ZI-data=1028  
".\MiniProject0.axf" - 0 Error(s), 0 Warning(s).
r(s), 0 Warning(s).
Load "C:\\Users\\roman\\AdvEmbedded\\Mini-Project-0\\MiniProject0.axf" 
Connecting: Mode=JTAG, Speed=1000000Hz
Erase Done.
Programming Done.
Verify OK.
 cannot open file
Error: Flash Download failed  -  Could not load file 'C:\Users\roman\AdvEmbedded\Mini-Project-0\MiniProject0.axf'
Load "C:\\Users\\roman\\AdvEmbedded\\Mini-Project-0\\MiniProject0.axf" 
_____^
*** error 56: cannot open file
Error: Flash Download failed  -  Could not load file 'C:\Users\roman\AdvEmbedded\Mini-Project-0\MiniProject0.axf'
